// Jest Snapshot v1, https://goo.gl/fbAQLP

exports[`snapshot matches 1`] = `
<DocumentFragment>
  <div
    class="Card"
  >
    <h4
      class="Card-title"
    >
      test
    </h4>
    <img
      alt="test"
      class="Card-image"
      src="image1"
    />
    <small
      class="Card-small"
    >
      Image 1 of .
    </small>
  </div>
</DocumentFragment>
`;
